../Core/Src/ds1307_for_stm32_hal.c:15:6:DS1307_Init	16	static
../Core/Src/ds1307_for_stm32_hal.c:24:6:DS1307_SetClockHalt	32	static
../Core/Src/ds1307_for_stm32_hal.c:33:9:DS1307_GetClockHalt	8	static
../Core/Src/ds1307_for_stm32_hal.c:42:6:DS1307_SetRegByte	32	static
../Core/Src/ds1307_for_stm32_hal.c:52:9:DS1307_GetRegByte	40	static
../Core/Src/ds1307_for_stm32_hal.c:63:6:DS1307_SetEnableSquareWave	32	static
../Core/Src/ds1307_for_stm32_hal.c:73:6:DS1307_SetInterruptRate	32	static
../Core/Src/ds1307_for_stm32_hal.c:83:9:DS1307_GetDayOfWeek	8	static
../Core/Src/ds1307_for_stm32_hal.c:91:9:DS1307_GetDate	8	static
../Core/Src/ds1307_for_stm32_hal.c:99:9:DS1307_GetMonth	8	static
../Core/Src/ds1307_for_stm32_hal.c:107:10:DS1307_GetYear	16	static
../Core/Src/ds1307_for_stm32_hal.c:116:9:DS1307_GetHour	8	static
../Core/Src/ds1307_for_stm32_hal.c:124:9:DS1307_GetMinute	8	static
../Core/Src/ds1307_for_stm32_hal.c:132:9:DS1307_GetSecond	8	static
../Core/Src/ds1307_for_stm32_hal.c:141:8:DS1307_GetTimeZoneHour	8	static
../Core/Src/ds1307_for_stm32_hal.c:150:9:DS1307_GetTimeZoneMin	8	static
../Core/Src/ds1307_for_stm32_hal.c:158:6:DS1307_SetDayOfWeek	16	static
../Core/Src/ds1307_for_stm32_hal.c:166:6:DS1307_SetDate	16	static
../Core/Src/ds1307_for_stm32_hal.c:174:6:DS1307_SetMonth	16	static
../Core/Src/ds1307_for_stm32_hal.c:182:6:DS1307_SetYear	16	static
../Core/Src/ds1307_for_stm32_hal.c:191:6:DS1307_SetHour	16	static
../Core/Src/ds1307_for_stm32_hal.c:199:6:DS1307_SetMinute	16	static
../Core/Src/ds1307_for_stm32_hal.c:207:6:DS1307_SetSecond	32	static
../Core/Src/ds1307_for_stm32_hal.c:218:6:DS1307_SetTimeZone	16	static
../Core/Src/ds1307_for_stm32_hal.c:228:9:DS1307_DecodeBCD	16	static
../Core/Src/ds1307_for_stm32_hal.c:237:9:DS1307_EncodeBCD	24	static
