../Core/Src/main.c:149:6:HAL_GPIO_EXTI_Rising_Callback	16	static
../Core/Src/main.c:155:6:clean	16	static
../Core/Src/main.c:166:6:MPU6050_Init	32	static
../Core/Src/main.c:199:6:MPU6050_Read_Accel	32	static
../Core/Src/main.c:222:6:MPU6050_Read_Gyro	32	static
../Core/Src/main.c:246:6:temperatura	16	static
../Core/Src/main.c:258:6:transmit	88	static
../Core/Src/main.c:294:6:Recive	16	static
../Core/Src/main.c:349:6:Movimiento	16	static
../Core/Src/main.c:389:6:Medida	8	static
../Core/Src/main.c:421:6:Hora_ACTUAL	16	static
../Core/Src/main.c:437:5:main	8	static
../Core/Src/main.c:538:6:SystemClock_Config	144	static
../Core/Src/main.c:596:13:MX_ADC1_Init	24	static
../Core/Src/main.c:677:13:MX_I2C1_Init	8	static
../Core/Src/main.c:723:13:MX_TIM3_Init	40	static
../Core/Src/main.c:768:13:MX_USART1_UART_Init	8	static
../Core/Src/main.c:816:13:MX_USART2_UART_Init	8	static
../Core/Src/main.c:862:13:MX_DMA_Init	16	static
../Core/Src/main.c:880:13:MX_GPIO_Init	56	static
../Core/Src/main.c:930:6:HAL_TIM_PeriodElapsedCallback	16	static
../Core/Src/main.c:938:6:HAL_UART_RxCpltCallback	16	static
../Core/Src/main.c:966:6:Error_Handler	8	static,ignoring_inline_asm
