../Core/Src/main.c:73:6:interactionActuators	8	static
../Core/Src/main.c:136:6:Reset_Rele	8	static
../Core/Src/main.c:152:5:main	8	static
../Core/Src/main.c:226:6:SystemClock_Config	88	static
../Core/Src/main.c:272:13:MX_ADC1_Init	24	static
../Core/Src/main.c:325:13:MX_USART2_UART_Init	8	static
../Core/Src/main.c:356:13:MX_DMA_Init	16	static
../Core/Src/main.c:374:13:MX_GPIO_Init	40	static
../Core/Src/main.c:410:6:HAL_UART_RxCpltCallback	16	static
../Core/Src/main.c:437:6:Error_Handler	4	static,ignoring_inline_asm
