stm32f1_rc522.c:12:9:RC522_SPI_Transfer	40	static
stm32f1_rc522.c:31:6:Write_MFRC522	16	static
stm32f1_rc522.c:52:9:Read_MFRC522	32	static
stm32f1_rc522.c:78:6:SetBitMask	32	static
stm32f1_rc522.c:92:6:ClearBitMask	32	static
stm32f1_rc522.c:106:6:AntennaOn	8	static
stm32f1_rc522.c:125:6:AntennaOff	8	static
stm32f1_rc522.c:137:6:MFRC522_Reset	8	static
stm32f1_rc522.c:189:6:MFRC522_Init	8	static
stm32f1_rc522.c:228:9:MFRC522_ToCard	48	static
stm32f1_rc522.c:351:9:MFRC522_Request	40	static
stm32f1_rc522.c:376:9:MFRC522_Anticoll	40	static
stm32f1_rc522.c:417:6:CalulateCRC	40	static
stm32f1_rc522.c:453:9:MFRC522_SelectTag	64	static
stm32f1_rc522.c:496:9:MFRC522_Auth	64	static
stm32f1_rc522.c:531:9:MFRC522_Read	40	static
stm32f1_rc522.c:556:9:MFRC522_Write	72	static
stm32f1_rc522.c:598:6:MFRC522_Halt	24	static
